!AIVDM,1,1,,B,0S9edj0P03PecbBN`ja@0?w42cFC,0*7C
!AIVDO,1,1,,A,1S9edj?003PecbBN`ja@0?w5R000,0*24
!AIVDM,1,1,,A,23aFfl0P00PCR?0MEB@h0?w020S7,0*68
!AIVDM,1,1,,A,35NSH95001G?wopE`beasVk@0E5:,0*6F
!AIVDO,1,1,,A,44R33:1uUK2F`q?mP0@@GoQ00000,0*08
!AIVDM,2,1,0,B,55?MbV02;H;s<HtKP00EHE:0@T4@Dl0000000000L961O5Gf0P3QEp6ClRh0,0*75
!AIVDM,2,2,0,B,00000000000,2*27
!AIVDM,1,1,,B,6B?n;be:cbapald3c;i6?Ow4,0*78
!AIVDO,1,1,,A,739UOj0jFs9R0000000000000000,0*6D
!AIVDM,1,1,,B,85Mwp`1Kf0>dg4Huwt@,2*5B
!AIVDO,1,1,,A,91b55wi;hbOS@OdQAC062Ch2089h,0*31
!AIVDO,1,1,,A,:6TMCD1GOS60,0*5A
!AIVDM,1,1,,B,;4R33:1uUK2F`q?mOt@@GoQ00000,0*5D
!AIVDO,1,1,,A,<42Lati0W:Ov=C7P6B?=Pjoihhjhqq,0*1B
!AIVDM,1,1,,A,=39UOj0jFs9R,0*65
!AIVDO,1,1,,A,>5?Per18=HB1U:1@E=B0m<L,2*53
!AIVDO,1,1,,A,?h3Ovn1GP<K0<P@59a00000000000,2*05
!AIVDO,1,1,,A,@01uEO@mMk7P<P0007R@0000,0*0F
!AIVDO,1,1,,A,A0476BQ>J@`<h0>dg4Huwt@,2*36
!AIVDO,1,1,,A,B5NJ;PP2aUl4ot5Isbl6GwsUkP06,0*35
!AIVDO,1,1,,A,C5N3SRP0=nJGEBT>NhWAwwo862PaLELTBJ:V00000000S0D:R220,0*25
!AIVDO,1,1,,A,D028rqP<QNfp000000000000000,2*0E
!AIVDO,1,1,,A,E4eHJhPR37q0000000000000000KUOSc=rq4h00000a@2000000000000000,4*39
!AIVDO,1,1,,A,F0@W>gCP00PH=JrN84000?hB0000,0*75
!AIVDO,1,1,,A,G02:Kn01R`sn@291nj600000900,2*13
!AIVDO,1,1,,A,H52KMe@Pm>0Htt85800000000000,0*36
!AIVDM,1,1,,A,I6Ki`kuVv6HT4SBbE@,4*49
!AIVDM,1,1,,A,J6Ki`kuVv6HT4SBbE@Rck@,4*50
!AIVDO,1,1,,A,K35E2b@U19PFdLbL,0*71
!AIVDO,1,1,,A,L1mg=5@@G:uk?S:I0@ph>A5E>L@1,0*43
!AIVDO,1,1,,A,H52KMeE6000000031<<ijk500000,0*24
!AIVDO,1,1,,A,H>WikQl000000001EHijk0IgQV90,0*7E
